../drivers/bsp/MCP23S17/stm32g4_mcp23s17.c:101:13:MCP23S17_CSPinSet	0	static
../drivers/bsp/MCP23S17/stm32g4_mcp23s17.c:134:13:MCP23S17_writeSPI	16	static
../drivers/bsp/MCP23S17/stm32g4_mcp23s17.c:111:16:MCP23S17_readSPI	16	static
../drivers/bsp/MCP23S17/stm32g4_mcp23s17.c:152:6:BSP_MCP23S17_init	24	static
../drivers/bsp/MCP23S17/stm32g4_mcp23s17.c:181:6:BSP_MCP23S17_setGPIODirection	16	static
../drivers/bsp/MCP23S17/stm32g4_mcp23s17.c:206:6:BSP_MCP23S17_setPullUp_onPin	16	static
../drivers/bsp/MCP23S17/stm32g4_mcp23s17.c:229:6:BSP_MCP23S17_setPullUp_onPort	0	static
../drivers/bsp/MCP23S17/stm32g4_mcp23s17.c:245:6:BSP_MCP23S17_setITState_onPin	16	static
../drivers/bsp/MCP23S17/stm32g4_mcp23s17.c:266:6:BSP_MCP23S17_setITState_onPort	0	static
../drivers/bsp/MCP23S17/stm32g4_mcp23s17.c:282:6:BSP_MCP23S17_setMirrorIT	8	static
../drivers/bsp/MCP23S17/stm32g4_mcp23s17.c:306:7:BSP_MCP23S17_setITPolarity	8	static
../drivers/bsp/MCP23S17/stm32g4_mcp23s17.c:328:6:BSP_MCP23S17_setDefaultValue_onPin	16	static
../drivers/bsp/MCP23S17/stm32g4_mcp23s17.c:350:6:BSP_MCP23S17_setDefaultValue_onPort	0	static
../drivers/bsp/MCP23S17/stm32g4_mcp23s17.c:363:6:BSP_MCP23S17_setITControl_onPin	16	static
../drivers/bsp/MCP23S17/stm32g4_mcp23s17.c:384:6:BSP_MCP23S17_setITControl_onPort	0	static
../drivers/bsp/MCP23S17/stm32g4_mcp23s17.c:418:9:BSP_MCP23S17_readGPIO	0	static
../drivers/bsp/MCP23S17/stm32g4_mcp23s17.c:397:6:BSP_MCP23S17_writeGPIO	16	static
../drivers/bsp/MCP23S17/stm32g4_mcp23s17.c:44:6:BSP_MCP23S17_demo	24	static
