../drivers/bsp/MatrixKeyboard/stm32g4_matrix_keyboard.c:160:6:BSP_MATRIX_KEYBOARD_demo_process_1ms	0	static
../drivers/bsp/MatrixKeyboard/stm32g4_matrix_keyboard.c:239:13:MATRIX_KEYBOARD_touch_to_key	0	static
../drivers/bsp/MatrixKeyboard/stm32g4_matrix_keyboard.c:355:13:keyboard_pin_set_input	40	static
../drivers/bsp/MatrixKeyboard/stm32g4_matrix_keyboard.c:334:13:keyboard_pin_set_output	40	static
../drivers/bsp/MatrixKeyboard/stm32g4_matrix_keyboard.c:377:13:keyboard_pin_write	16	static
../drivers/bsp/MatrixKeyboard/stm32g4_matrix_keyboard.c:311:13:MATRIX_KEYBOARD_write_bit_output	8	static
../drivers/bsp/MatrixKeyboard/stm32g4_matrix_keyboard.c:398:13:keyboard_pin_read	16	static
../drivers/bsp/MatrixKeyboard/stm32g4_matrix_keyboard.c:300:17:MATRIX_KEYBOARD_get_inputs	8	static
../drivers/bsp/MatrixKeyboard/stm32g4_matrix_keyboard.c:259:17:MATRIX_KEYBOARD_read_all_touchs	16	static
../drivers/bsp/MatrixKeyboard/stm32g4_matrix_keyboard.c:74:6:BSP_MATRIX_KEYBOARD_init	16	static
../drivers/bsp/MatrixKeyboard/stm32g4_matrix_keyboard.c:171:6:BSP_MATRIX_KEYBOARD_is_pressed	8	static
../drivers/bsp/MatrixKeyboard/stm32g4_matrix_keyboard.c:201:6:BSP_MATRIX_KEYBOARD_press_and_release_events	24	static
../drivers/bsp/MatrixKeyboard/stm32g4_matrix_keyboard.c:97:6:BSP_MATRIX_KEYBOARD_demo_process_main	16	static
../drivers/bsp/MatrixKeyboard/stm32g4_matrix_keyboard.c:225:6:MATRIX_KEYBOARD_get_key	8	static
