../drivers/bsp/tft_ili9341/stm32g4_ili9341.c:192:6:ILI9341_setConfig	8	static
../drivers/bsp/tft_ili9341/stm32g4_ili9341.c:367:6:ILI9341_SendCommand	8	static
../drivers/bsp/tft_ili9341/stm32g4_ili9341.c:353:6:ILI9341_DisplayOn	8	static
../drivers/bsp/tft_ili9341/stm32g4_ili9341.c:360:6:ILI9341_DisplayOff	8	static
../drivers/bsp/tft_ili9341/stm32g4_ili9341.c:377:6:ILI9341_SendData	8	static
../drivers/bsp/tft_ili9341/stm32g4_ili9341.c:199:6:ILI9341_InitLCD	8	static
../drivers/bsp/tft_ili9341/stm32g4_ili9341.c:386:6:ILI9341_ReadDatas	24	static
../drivers/bsp/tft_ili9341/stm32g4_ili9341.c:424:6:ILI9341_SetCursorPosition	24	static
../drivers/bsp/tft_ili9341/stm32g4_ili9341.c:401:6:ILI9341_DrawPixel	8	static
../drivers/bsp/tft_ili9341/stm32g4_ili9341.c:409:10:ILI9341_ReadPixel	416	static
../drivers/bsp/tft_ili9341/stm32g4_ili9341.c:455:6:ILI9341_INT_Fill	32	static
../drivers/bsp/tft_ili9341/stm32g4_ili9341.c:442:6:ILI9341_Fill	16	static
../drivers/bsp/tft_ili9341/stm32g4_ili9341.c:500:6:ILI9341_Delay	8	static
../drivers/bsp/tft_ili9341/stm32g4_ili9341.c:508:6:ILI9341_Rotate	8	static
../drivers/bsp/tft_ili9341/stm32g4_ili9341.c:157:6:ILI9341_Init	24	static
../drivers/bsp/tft_ili9341/stm32g4_ili9341.c:641:6:ILI9341_GetStringSize	4	static
../drivers/bsp/tft_ili9341/stm32g4_ili9341.c:659:6:ILI9341_Putc	40	static
../drivers/bsp/tft_ili9341/stm32g4_ili9341.c:547:6:ILI9341_Puts	32	static
../drivers/bsp/tft_ili9341/stm32g4_ili9341.c:716:6:ILI9341_PutBigc	56	static
../drivers/bsp/tft_ili9341/stm32g4_ili9341.c:599:6:ILI9341_PutBigs	48	static
../drivers/bsp/tft_ili9341/stm32g4_ili9341.c:777:6:ILI9341_DrawLine	56	static
../drivers/bsp/tft_ili9341/stm32g4_ili9341.c:857:6:ILI9341_DrawRectangle	32	static
../drivers/bsp/tft_ili9341/stm32g4_ili9341.c:872:6:ILI9341_DrawFilledRectangle	16	static
../drivers/bsp/tft_ili9341/stm32g4_ili9341.c:901:6:ILI9341_DrawCircle	64	static
../drivers/bsp/tft_ili9341/stm32g4_ili9341.c:942:6:ILI9341_DrawFilledCircle	64	static
../drivers/bsp/tft_ili9341/stm32g4_ili9341.c:977:18:ILI9341_getOptions	0	static
../drivers/bsp/tft_ili9341/stm32g4_ili9341.c:990:6:ILI9341_printf	296	static
../drivers/bsp/tft_ili9341/stm32g4_ili9341.c:125:6:ILI9341_demo	32	static
../drivers/bsp/tft_ili9341/stm32g4_ili9341.c:1019:6:ILI9341_putImage	24	static
../drivers/bsp/tft_ili9341/stm32g4_ili9341.c:1053:6:ILI9341_putImage_with_transparency	32	static
../drivers/bsp/tft_ili9341/stm32g4_ili9341.c:1102:6:ILI9341_putImage_monochrome	32	static
../drivers/bsp/tft_ili9341/stm32g4_ili9341.c:1137:6:ECRAN_AfficherMessage	16	static
