../drivers/bsp/MatrixKeyboard/stm32g4_matrix_keyboard.c:420:6:BSP_MATRIX_KEYBOARD_demo_process_1ms	0	static
../drivers/bsp/MatrixKeyboard/stm32g4_matrix_keyboard.c:499:13:MATRIX_KEYBOARD_touch_to_key	0	static
../drivers/bsp/MatrixKeyboard/stm32g4_matrix_keyboard.c:658:13:keyboard_pin_read.constprop	16	static
../drivers/bsp/MatrixKeyboard/stm32g4_matrix_keyboard.c:615:13:keyboard_pin_set_input.constprop	16	static
../drivers/bsp/MatrixKeyboard/stm32g4_matrix_keyboard.c:571:13:MATRIX_KEYBOARD_write_bit_output.constprop	8	static
../drivers/bsp/MatrixKeyboard/stm32g4_matrix_keyboard.c:594:13:keyboard_pin_set_output.constprop	16	static
../drivers/bsp/MatrixKeyboard/stm32g4_matrix_keyboard.c:637:13:keyboard_pin_write.constprop	16	static
../drivers/bsp/MatrixKeyboard/stm32g4_matrix_keyboard.c:519:17:MATRIX_KEYBOARD_read_all_touchs	24	static
../drivers/bsp/MatrixKeyboard/stm32g4_matrix_keyboard.c:94:6:BSP_MATRIX_KEYBOARD_init	16	static
../drivers/bsp/MatrixKeyboard/stm32g4_matrix_keyboard.c:431:6:BSP_MATRIX_KEYBOARD_is_pressed	8	static
../drivers/bsp/MatrixKeyboard/stm32g4_matrix_keyboard.c:461:6:BSP_MATRIX_KEYBOARD_press_and_release_events	24	static
../drivers/bsp/MatrixKeyboard/stm32g4_matrix_keyboard.c:117:6:BSP_MATRIX_KEYBOARD_demo_process_main	16	static
../drivers/bsp/MatrixKeyboard/stm32g4_matrix_keyboard.c:180:6:BSP_MATRIX_KEYBOARD_DETECT	16	static
../drivers/bsp/MatrixKeyboard/stm32g4_matrix_keyboard.c:363:6:BSP_MATRIX_KEYBOARD_delete_code	80	static
../drivers/bsp/MatrixKeyboard/stm32g4_matrix_keyboard.c:207:12:BSP_MATRIX_KEYBOARD_VERIF	56	static
../drivers/bsp/MatrixKeyboard/stm32g4_matrix_keyboard.c:291:11:BSP_MATRIX_KEYBOARD_add_code	80	static
../drivers/bsp/MatrixKeyboard/stm32g4_matrix_keyboard.c:485:6:MATRIX_KEYBOARD_get_key	8	static
